2026-09-15 10:27:42.171: [INFO] CurrentProfilePath: C:\Users\WINDOWS 11\source\repos\SeattleAviation\SeattleAviation\bin\Release\net10.0-windows10.0.19041.0\win-x64\SeattleAviation.exe.WebView2\EBWebView\Default
2026-09-15 10:27:42.171: [INFO] Profiles total count: 1
2026-09-15 10:27:42.171: [INFO] Profile: name=Profile 1 path=C:\Users\WINDOWS 11\source\repos\SeattleAviation\SeattleAviation\bin\Release\net10.0-windows10.0.19041.0\win-x64\SeattleAviation.exe.WebView2\EBWebView\Default lastActive=null
2026-09-15 10:27:42.171: [INFO] LastUsedProfileDir: C:\Users\WINDOWS 11\source\repos\SeattleAviation\SeattleAviation\bin\Release\net10.0-windows10.0.19041.0\win-x64\SeattleAviation.exe.WebView2\EBWebView\Default
2026-09-15 10:27:42.171: [INFO] OnDoneLoading sync enabled: 0
2026-09-15 10:27:42.171: [INFO] BookmarkModelLoaded, ids_reassigned: 0
2026-09-15 10:27:42.171: [INFO] BookmarksLoadDropped droppedNodes=0
2026-09-15 10:27:42.171: [INFO] BookmarksSnapshot Startup total=0 bar=0 other=0 mobile=0 showBar=0 showBarNTP=1
2026-09-15 10:33:18.996: [INFO] BookmarksSnapshot Shutdown total=0 bar=0 other=0 mobile=0 showBar=0 showBarNTP=1
2026-09-15 10:33:34.886: [INFO] CurrentProfilePath: C:\Users\WINDOWS 11\source\repos\SeattleAviation\SeattleAviation\bin\Release\net10.0-windows10.0.19041.0\win-x64\SeattleAviation.exe.WebView2\EBWebView\Default
2026-09-15 10:33:34.886: [INFO] Profiles total count: 1
2026-09-15 10:33:34.886: [INFO] Profile: name=Profile 1 path=C:\Users\WINDOWS 11\source\repos\SeattleAviation\SeattleAviation\bin\Release\net10.0-windows10.0.19041.0\win-x64\SeattleAviation.exe.WebView2\EBWebView\Default lastActive=2026-09-15T10:32:59.240Z
2026-09-15 10:33:34.886: [INFO] LastUsedProfileDir: C:\Users\WINDOWS 11\source\repos\SeattleAviation\SeattleAviation\bin\Release\net10.0-windows10.0.19041.0\win-x64\SeattleAviation.exe.WebView2\EBWebView\Default
2026-09-15 10:33:34.886: [INFO] MostRecentlyActiveProfile: name=Profile 1 path=C:\Users\WINDOWS 11\source\repos\SeattleAviation\SeattleAviation\bin\Release\net10.0-windows10.0.19041.0\win-x64\SeattleAviation.exe.WebView2\EBWebView\Default lastActive=2026-09-15T10:32:59.240Z
2026-09-15 10:33:34.886: [INFO] OnDoneLoading sync enabled: 0
2026-09-15 10:33:34.886: [INFO] BookmarkModelLoaded, ids_reassigned: 0
2026-09-15 10:33:34.886: [INFO] BookmarksLoadDropped droppedNodes=0
2026-09-15 10:33:34.886: [INFO] BookmarksSnapshot Startup total=0 bar=0 other=0 mobile=0 showBar=0 showBarNTP=1
2026-09-15 10:33:38.998: [INFO] BookmarksSnapshot Shutdown total=0 bar=0 other=0 mobile=0 showBar=0 showBarNTP=1
2026-09-15 11:03:02.315: [INFO] CurrentProfilePath: C:\Users\WINDOWS 11\source\repos\SeattleAviation\SeattleAviation\bin\Release\net10.0-windows10.0.19041.0\win-x64\SeattleAviation.exe.WebView2\EBWebView\Default
2026-09-15 11:03:02.315: [INFO] Profiles total count: 1
2026-09-15 11:03:02.315: [INFO] Profile: name=Profile 1 path=C:\Users\WINDOWS 11\source\repos\SeattleAviation\SeattleAviation\bin\Release\net10.0-windows10.0.19041.0\win-x64\SeattleAviation.exe.WebView2\EBWebView\Default lastActive=2026-09-15T10:55:50.248Z
2026-09-15 11:03:02.315: [INFO] LastUsedProfileDir: C:\Users\WINDOWS 11\source\repos\SeattleAviation\SeattleAviation\bin\Release\net10.0-windows10.0.19041.0\win-x64\SeattleAviation.exe.WebView2\EBWebView\Default
2026-09-15 11:03:02.315: [INFO] MostRecentlyActiveProfile: name=Profile 1 path=C:\Users\WINDOWS 11\source\repos\SeattleAviation\SeattleAviation\bin\Release\net10.0-windows10.0.19041.0\win-x64\SeattleAviation.exe.WebView2\EBWebView\Default lastActive=2026-09-15T10:55:50.248Z
2026-09-15 11:03:02.315: [INFO] OnDoneLoading sync enabled: 0
2026-09-15 11:03:02.315: [INFO] BookmarkModelLoaded, ids_reassigned: 0
2026-09-15 11:03:02.315: [INFO] BookmarksLoadDropped droppedNodes=0
2026-09-15 11:03:02.316: [INFO] BookmarksSnapshot Startup total=0 bar=0 other=0 mobile=0 showBar=0 showBarNTP=1
2026-09-15 11:05:11.821: [INFO] BookmarksSnapshot Shutdown total=0 bar=0 other=0 mobile=0 showBar=0 showBarNTP=1
2026-09-15 11:07:48.704: [INFO] CurrentProfilePath: C:\Users\WINDOWS 11\source\repos\SeattleAviation\SeattleAviation\bin\Release\net10.0-windows10.0.19041.0\win-x64\SeattleAviation.exe.WebView2\EBWebView\Default
2026-09-15 11:07:48.704: [INFO] Profiles total count: 1
2026-09-15 11:07:48.704: [INFO] Profile: name=Profile 1 path=C:\Users\WINDOWS 11\source\repos\SeattleAviation\SeattleAviation\bin\Release\net10.0-windows10.0.19041.0\win-x64\SeattleAviation.exe.WebView2\EBWebView\Default lastActive=2026-09-15T11:03:02.757Z
2026-09-15 11:07:48.704: [INFO] LastUsedProfileDir: C:\Users\WINDOWS 11\source\repos\SeattleAviation\SeattleAviation\bin\Release\net10.0-windows10.0.19041.0\win-x64\SeattleAviation.exe.WebView2\EBWebView\Default
2026-09-15 11:07:48.704: [INFO] MostRecentlyActiveProfile: name=Profile 1 path=C:\Users\WINDOWS 11\source\repos\SeattleAviation\SeattleAviation\bin\Release\net10.0-windows10.0.19041.0\win-x64\SeattleAviation.exe.WebView2\EBWebView\Default lastActive=2026-09-15T11:03:02.757Z
2026-09-15 11:07:48.704: [INFO] OnDoneLoading sync enabled: 0
2026-09-15 11:07:48.704: [INFO] BookmarkModelLoaded, ids_reassigned: 0
2026-09-15 11:07:48.704: [INFO] BookmarksLoadDropped droppedNodes=0
2026-09-15 11:07:48.704: [INFO] BookmarksSnapshot Startup total=0 bar=0 other=0 mobile=0 showBar=0 showBarNTP=1
2026-09-15 11:13:39.535: [INFO] BookmarksSnapshot Shutdown total=0 bar=0 other=0 mobile=0 showBar=0 showBarNTP=1
2026-09-15 11:19:22.016: [INFO] CurrentProfilePath: C:\Users\WINDOWS 11\source\repos\SeattleAviation\SeattleAviation\bin\Release\net10.0-windows10.0.19041.0\win-x64\SeattleAviation.exe.WebView2\EBWebView\Default
2026-09-15 11:19:22.016: [INFO] Profiles total count: 1
2026-09-15 11:19:22.016: [INFO] Profile: name=Profile 1 path=C:\Users\WINDOWS 11\source\repos\SeattleAviation\SeattleAviation\bin\Release\net10.0-windows10.0.19041.0\win-x64\SeattleAviation.exe.WebView2\EBWebView\Default lastActive=2026-09-15T11:07:49.177Z
2026-09-15 11:19:22.016: [INFO] LastUsedProfileDir: C:\Users\WINDOWS 11\source\repos\SeattleAviation\SeattleAviation\bin\Release\net10.0-windows10.0.19041.0\win-x64\SeattleAviation.exe.WebView2\EBWebView\Default
2026-09-15 11:19:22.016: [INFO] MostRecentlyActiveProfile: name=Profile 1 path=C:\Users\WINDOWS 11\source\repos\SeattleAviation\SeattleAviation\bin\Release\net10.0-windows10.0.19041.0\win-x64\SeattleAviation.exe.WebView2\EBWebView\Default lastActive=2026-09-15T11:07:49.177Z
2026-09-15 11:19:22.016: [INFO] OnDoneLoading sync enabled: 0
2026-09-15 11:19:22.016: [INFO] BookmarkModelLoaded, ids_reassigned: 0
2026-09-15 11:19:22.016: [INFO] BookmarksLoadDropped droppedNodes=0
2026-09-15 11:19:22.016: [INFO] BookmarksSnapshot Startup total=0 bar=0 other=0 mobile=0 showBar=0 showBarNTP=1
2026-09-15 11:20:27.709: [INFO] BookmarksSnapshot Shutdown total=0 bar=0 other=0 mobile=0 showBar=0 showBarNTP=1
