2026-09-15 09:11:43.531: [INFO] CurrentProfilePath: C:\Users\WINDOWS 11\source\repos\SeattleAviation\SeattleAviation\bin\Debug\net10.0-windows10.0.19041.0\win-x64\SeattleAviation.exe.WebView2\EBWebView\Default
2026-09-15 09:11:43.531: [INFO] Profiles total count: 1
2026-09-15 09:11:43.531: [INFO] Profile: name=Profile 1 path=C:\Users\WINDOWS 11\source\repos\SeattleAviation\SeattleAviation\bin\Debug\net10.0-windows10.0.19041.0\win-x64\SeattleAviation.exe.WebView2\EBWebView\Default lastActive=null
2026-09-15 09:11:43.531: [INFO] LastUsedProfileDir: C:\Users\WINDOWS 11\source\repos\SeattleAviation\SeattleAviation\bin\Debug\net10.0-windows10.0.19041.0\win-x64\SeattleAviation.exe.WebView2\EBWebView\Default
2026-09-15 09:11:43.531: [INFO] OnDoneLoading sync enabled: 0
2026-09-15 09:11:43.531: [INFO] BookmarkModelLoaded, ids_reassigned: 0
2026-09-15 09:11:43.531: [INFO] BookmarksLoadDropped droppedNodes=0
2026-09-15 09:11:43.531: [INFO] BookmarksSnapshot Startup total=0 bar=0 other=0 mobile=0 showBar=0 showBarNTP=1
2026-09-15 09:11:56.821: [INFO] BookmarksSnapshot Shutdown total=0 bar=0 other=0 mobile=0 showBar=0 showBarNTP=1
2026-09-15 09:13:47.839: [INFO] CurrentProfilePath: C:\Users\WINDOWS 11\source\repos\SeattleAviation\SeattleAviation\bin\Debug\net10.0-windows10.0.19041.0\win-x64\SeattleAviation.exe.WebView2\EBWebView\Default
2026-09-15 09:13:47.839: [INFO] Profiles total count: 1
2026-09-15 09:13:47.839: [INFO] Profile: name=Profile 1 path=C:\Users\WINDOWS 11\source\repos\SeattleAviation\SeattleAviation\bin\Debug\net10.0-windows10.0.19041.0\win-x64\SeattleAviation.exe.WebView2\EBWebView\Default lastActive=2026-09-15T09:11:43.980Z
2026-09-15 09:13:47.839: [INFO] LastUsedProfileDir: C:\Users\WINDOWS 11\source\repos\SeattleAviation\SeattleAviation\bin\Debug\net10.0-windows10.0.19041.0\win-x64\SeattleAviation.exe.WebView2\EBWebView\Default
2026-09-15 09:13:47.839: [INFO] MostRecentlyActiveProfile: name=Profile 1 path=C:\Users\WINDOWS 11\source\repos\SeattleAviation\SeattleAviation\bin\Debug\net10.0-windows10.0.19041.0\win-x64\SeattleAviation.exe.WebView2\EBWebView\Default lastActive=2026-09-15T09:11:43.980Z
2026-09-15 09:13:47.839: [INFO] OnDoneLoading sync enabled: 0
2026-09-15 09:13:47.839: [INFO] BookmarkModelLoaded, ids_reassigned: 0
2026-09-15 09:13:47.839: [INFO] BookmarksLoadDropped droppedNodes=0
2026-09-15 09:13:47.839: [INFO] BookmarksSnapshot Startup total=0 bar=0 other=0 mobile=0 showBar=0 showBarNTP=1
2026-09-15 09:21:47.133: [INFO] BookmarksSnapshot Shutdown total=0 bar=0 other=0 mobile=0 showBar=0 showBarNTP=1
2026-09-15 09:21:51.802: [INFO] CurrentProfilePath: C:\Users\WINDOWS 11\source\repos\SeattleAviation\SeattleAviation\bin\Debug\net10.0-windows10.0.19041.0\win-x64\SeattleAviation.exe.WebView2\EBWebView\Default
2026-09-15 09:21:51.802: [INFO] Profiles total count: 1
2026-09-15 09:21:51.802: [INFO] Profile: name=Profile 1 path=C:\Users\WINDOWS 11\source\repos\SeattleAviation\SeattleAviation\bin\Debug\net10.0-windows10.0.19041.0\win-x64\SeattleAviation.exe.WebView2\EBWebView\Default lastActive=2026-09-15T09:13:54.548Z
2026-09-15 09:21:51.802: [INFO] LastUsedProfileDir: C:\Users\WINDOWS 11\source\repos\SeattleAviation\SeattleAviation\bin\Debug\net10.0-windows10.0.19041.0\win-x64\SeattleAviation.exe.WebView2\EBWebView\Default
2026-09-15 09:21:51.802: [INFO] MostRecentlyActiveProfile: name=Profile 1 path=C:\Users\WINDOWS 11\source\repos\SeattleAviation\SeattleAviation\bin\Debug\net10.0-windows10.0.19041.0\win-x64\SeattleAviation.exe.WebView2\EBWebView\Default lastActive=2026-09-15T09:13:54.548Z
2026-09-15 09:21:51.802: [INFO] OnDoneLoading sync enabled: 0
2026-09-15 09:21:51.802: [INFO] BookmarkModelLoaded, ids_reassigned: 0
2026-09-15 09:21:51.802: [INFO] BookmarksLoadDropped droppedNodes=0
2026-09-15 09:21:51.802: [INFO] BookmarksSnapshot Startup total=0 bar=0 other=0 mobile=0 showBar=0 showBarNTP=1
2026-09-15 09:26:07.964: [INFO] BookmarksSnapshot Shutdown total=0 bar=0 other=0 mobile=0 showBar=0 showBarNTP=1
2026-09-15 09:29:42.558: [INFO] CurrentProfilePath: C:\Users\WINDOWS 11\source\repos\SeattleAviation\SeattleAviation\bin\Debug\net10.0-windows10.0.19041.0\win-x64\SeattleAviation.exe.WebView2\EBWebView\Default
2026-09-15 09:29:42.558: [INFO] Profiles total count: 1
2026-09-15 09:29:42.558: [INFO] Profile: name=Profile 1 path=C:\Users\WINDOWS 11\source\repos\SeattleAviation\SeattleAviation\bin\Debug\net10.0-windows10.0.19041.0\win-x64\SeattleAviation.exe.WebView2\EBWebView\Default lastActive=2026-09-15T09:21:52.059Z
2026-09-15 09:29:42.558: [INFO] LastUsedProfileDir: C:\Users\WINDOWS 11\source\repos\SeattleAviation\SeattleAviation\bin\Debug\net10.0-windows10.0.19041.0\win-x64\SeattleAviation.exe.WebView2\EBWebView\Default
2026-09-15 09:29:42.558: [INFO] MostRecentlyActiveProfile: name=Profile 1 path=C:\Users\WINDOWS 11\source\repos\SeattleAviation\SeattleAviation\bin\Debug\net10.0-windows10.0.19041.0\win-x64\SeattleAviation.exe.WebView2\EBWebView\Default lastActive=2026-09-15T09:21:52.059Z
2026-09-15 09:29:42.558: [INFO] OnDoneLoading sync enabled: 0
2026-09-15 09:29:42.558: [INFO] BookmarkModelLoaded, ids_reassigned: 0
2026-09-15 09:29:42.558: [INFO] BookmarksLoadDropped droppedNodes=0
2026-09-15 09:29:42.558: [INFO] BookmarksSnapshot Startup total=0 bar=0 other=0 mobile=0 showBar=0 showBarNTP=1
2026-09-15 09:32:13.907: [INFO] BookmarksSnapshot Shutdown total=0 bar=0 other=0 mobile=0 showBar=0 showBarNTP=1
2026-09-15 09:36:15.800: [INFO] CurrentProfilePath: C:\Users\WINDOWS 11\source\repos\SeattleAviation\SeattleAviation\bin\Debug\net10.0-windows10.0.19041.0\win-x64\SeattleAviation.exe.WebView2\EBWebView\Default
2026-09-15 09:36:15.800: [INFO] Profiles total count: 1
2026-09-15 09:36:15.800: [INFO] Profile: name=Profile 1 path=C:\Users\WINDOWS 11\source\repos\SeattleAviation\SeattleAviation\bin\Debug\net10.0-windows10.0.19041.0\win-x64\SeattleAviation.exe.WebView2\EBWebView\Default lastActive=2026-09-15T09:29:43.030Z
2026-09-15 09:36:15.800: [INFO] LastUsedProfileDir: C:\Users\WINDOWS 11\source\repos\SeattleAviation\SeattleAviation\bin\Debug\net10.0-windows10.0.19041.0\win-x64\SeattleAviation.exe.WebView2\EBWebView\Default
2026-09-15 09:36:15.800: [INFO] MostRecentlyActiveProfile: name=Profile 1 path=C:\Users\WINDOWS 11\source\repos\SeattleAviation\SeattleAviation\bin\Debug\net10.0-windows10.0.19041.0\win-x64\SeattleAviation.exe.WebView2\EBWebView\Default lastActive=2026-09-15T09:29:43.030Z
2026-09-15 09:36:15.800: [INFO] OnDoneLoading sync enabled: 0
2026-09-15 09:36:15.800: [INFO] BookmarkModelLoaded, ids_reassigned: 0
2026-09-15 09:36:15.800: [INFO] BookmarksLoadDropped droppedNodes=0
2026-09-15 09:36:15.800: [INFO] BookmarksSnapshot Startup total=0 bar=0 other=0 mobile=0 showBar=0 showBarNTP=1
2026-09-15 09:36:27.541: [INFO] BookmarksSnapshot Shutdown total=0 bar=0 other=0 mobile=0 showBar=0 showBarNTP=1
2026-09-15 09:39:42.059: [INFO] CurrentProfilePath: C:\Users\WINDOWS 11\source\repos\SeattleAviation\SeattleAviation\bin\Debug\net10.0-windows10.0.19041.0\win-x64\SeattleAviation.exe.WebView2\EBWebView\Default
2026-09-15 09:39:42.059: [INFO] Profiles total count: 1
2026-09-15 09:39:42.059: [INFO] Profile: name=Profile 1 path=C:\Users\WINDOWS 11\source\repos\SeattleAviation\SeattleAviation\bin\Debug\net10.0-windows10.0.19041.0\win-x64\SeattleAviation.exe.WebView2\EBWebView\Default lastActive=2026-09-15T09:36:26.372Z
2026-09-15 09:39:42.059: [INFO] LastUsedProfileDir: C:\Users\WINDOWS 11\source\repos\SeattleAviation\SeattleAviation\bin\Debug\net10.0-windows10.0.19041.0\win-x64\SeattleAviation.exe.WebView2\EBWebView\Default
2026-09-15 09:39:42.059: [INFO] MostRecentlyActiveProfile: name=Profile 1 path=C:\Users\WINDOWS 11\source\repos\SeattleAviation\SeattleAviation\bin\Debug\net10.0-windows10.0.19041.0\win-x64\SeattleAviation.exe.WebView2\EBWebView\Default lastActive=2026-09-15T09:36:26.372Z
2026-09-15 09:39:42.059: [INFO] OnDoneLoading sync enabled: 0
2026-09-15 09:39:42.059: [INFO] BookmarkModelLoaded, ids_reassigned: 0
2026-09-15 09:39:42.059: [INFO] BookmarksLoadDropped droppedNodes=0
2026-09-15 09:39:42.059: [INFO] BookmarksSnapshot Startup total=0 bar=0 other=0 mobile=0 showBar=0 showBarNTP=1
2026-09-15 09:42:46.754: [INFO] BookmarksSnapshot Shutdown total=0 bar=0 other=0 mobile=0 showBar=0 showBarNTP=1
2026-09-15 09:51:29.320: [INFO] CurrentProfilePath: C:\Users\WINDOWS 11\source\repos\SeattleAviation\SeattleAviation\bin\Debug\net10.0-windows10.0.19041.0\win-x64\SeattleAviation.exe.WebView2\EBWebView\Default
2026-09-15 09:51:29.320: [INFO] Profiles total count: 1
2026-09-15 09:51:29.320: [INFO] Profile: name=Profile 1 path=C:\Users\WINDOWS 11\source\repos\SeattleAviation\SeattleAviation\bin\Debug\net10.0-windows10.0.19041.0\win-x64\SeattleAviation.exe.WebView2\EBWebView\Default lastActive=2026-09-15T09:42:55.724Z
2026-09-15 09:51:29.320: [INFO] LastUsedProfileDir: C:\Users\WINDOWS 11\source\repos\SeattleAviation\SeattleAviation\bin\Debug\net10.0-windows10.0.19041.0\win-x64\SeattleAviation.exe.WebView2\EBWebView\Default
2026-09-15 09:51:29.320: [INFO] MostRecentlyActiveProfile: name=Profile 1 path=C:\Users\WINDOWS 11\source\repos\SeattleAviation\SeattleAviation\bin\Debug\net10.0-windows10.0.19041.0\win-x64\SeattleAviation.exe.WebView2\EBWebView\Default lastActive=2026-09-15T09:42:55.724Z
2026-09-15 09:51:29.320: [INFO] OnDoneLoading sync enabled: 0
2026-09-15 09:51:29.320: [INFO] BookmarkModelLoaded, ids_reassigned: 0
2026-09-15 09:51:29.320: [INFO] BookmarksLoadDropped droppedNodes=0
2026-09-15 09:51:29.320: [INFO] BookmarksSnapshot Startup total=0 bar=0 other=0 mobile=0 showBar=0 showBarNTP=1
2026-09-15 09:51:36.097: [INFO] BookmarksSnapshot Shutdown total=0 bar=0 other=0 mobile=0 showBar=0 showBarNTP=1
2026-09-16 04:03:25.204: [INFO] CurrentProfilePath: C:\Users\WINDOWS 11\source\repos\SeattleAviation\SeattleAviation\bin\Debug\net10.0-windows10.0.19041.0\win-x64\SeattleAviation.exe.WebView2\EBWebView\Default
2026-09-16 04:03:25.204: [INFO] Profiles total count: 1
2026-09-16 04:03:25.205: [INFO] Profile: name=Profile 1 path=C:\Users\WINDOWS 11\source\repos\SeattleAviation\SeattleAviation\bin\Debug\net10.0-windows10.0.19041.0\win-x64\SeattleAviation.exe.WebView2\EBWebView\Default lastActive=2026-09-15T09:51:29.800Z
2026-09-16 04:03:25.205: [INFO] LastUsedProfileDir: C:\Users\WINDOWS 11\source\repos\SeattleAviation\SeattleAviation\bin\Debug\net10.0-windows10.0.19041.0\win-x64\SeattleAviation.exe.WebView2\EBWebView\Default
2026-09-16 04:03:25.205: [INFO] MostRecentlyActiveProfile: name=Profile 1 path=C:\Users\WINDOWS 11\source\repos\SeattleAviation\SeattleAviation\bin\Debug\net10.0-windows10.0.19041.0\win-x64\SeattleAviation.exe.WebView2\EBWebView\Default lastActive=2026-09-15T09:51:29.800Z
2026-09-16 04:03:25.205: [INFO] OnDoneLoading sync enabled: 0
2026-09-16 04:03:25.205: [INFO] BookmarkModelLoaded, ids_reassigned: 0
2026-09-16 04:03:25.205: [INFO] BookmarksLoadDropped droppedNodes=0
2026-09-16 04:03:25.205: [INFO] BookmarksSnapshot Startup total=0 bar=0 other=0 mobile=0 showBar=0 showBarNTP=1
2026-09-16 04:03:31.944: [INFO] BookmarksSnapshot Shutdown total=0 bar=0 other=0 mobile=0 showBar=0 showBarNTP=1
